// Jest Snapshot v1, https://goo.gl/fbAQLP

exports[`request mapping should match snapshot 1`] = `Object {}`;

exports[`response mapping should match snapshot 1`] = `
Object {
  "any": "data",
}
`;
